    Checking libc v0.2.186
    Checking memchr v2.8.1
    Checking serde v1.0.228
    Checking thiserror v2.0.18
    Checking hashbrown v0.17.1
    Checking zerofrom v0.1.8
    Checking yoke v0.8.3
    Checking zerovec v0.11.6
    Checking zerotrie v0.2.4
    Checking serde_json v1.0.150
    Checking chrono v0.4.45
    Checking getrandom v0.3.4
    Checking getrandom v0.2.17
    Checking cpufeatures v0.2.17
    Checking core-foundation v0.10.1
    Checking security-framework-sys v2.17.0
    Checking errno v0.3.14
    Checking getrandom v0.4.2
    Checking indexmap v2.14.0
    Checking sha2 v0.10.9
    Checking sha1 v0.10.7
    Checking rand_core v0.9.5
    Checking rustix v1.1.4
    Checking ring v0.17.14
    Checking security-framework v3.7.0
    Checking rand_chacha v0.9.0
    Checking tinystr v0.8.3
    Checking potential_utf v0.1.5
    Checking icu_collections v2.2.0
    Checking rand v0.9.4
    Checking icu_locale_core v2.2.0
    Checking serde_yaml v0.9.34+deprecated
    Checking ulid v1.2.1
    Checking tempfile v3.27.0
    Checking fs4 v1.1.0
    Checking rustls-native-certs v0.8.4
    Checking euler-event v0.1.3 (/private/tmp/euler-wt/pr-213/crates/euler-event)
    Checking icu_provider v2.2.0
    Checking rustls-webpki v0.103.13
    Checking euler-sdk v0.1.3 (/private/tmp/euler-wt/pr-213/crates/euler-sdk)
    Checking icu_properties v2.2.0
    Checking icu_normalizer v2.2.0
    Checking rustls v0.23.40
    Checking idna_adapter v1.2.2
    Checking euler-agents v0.1.3 (/private/tmp/euler-wt/pr-213/crates/euler-agents)
    Checking idna v1.1.0
    Checking url v2.5.8
    Checking ureq v2.12.1
    Checking tungstenite v0.28.0
    Checking euler-provider v0.1.3 (/private/tmp/euler-wt/pr-213/crates/euler-provider)
    Checking euler-core v0.1.3 (/private/tmp/euler-wt/pr-213/crates/euler-core)
    Finished `dev` profile [unoptimized + debuginfo] target(s) in 6.37s
