    Checking cfg-if v1.0.4
    Checking stable_deref_trait v1.2.1
    Checking core-foundation-sys v0.8.7
    Checking typenum v1.20.1
    Checking writeable v0.6.3
    Checking zeroize v1.8.2
    Checking itoa v1.0.18
    Checking litemap v0.8.2
    Checking libc v0.2.186
    Checking serde_core v1.0.228
    Checking zerocopy v0.8.52
    Checking utf8_iter v1.0.4
    Checking once_cell v1.21.4
    Checking bitflags v2.13.0
    Checking zmij v1.0.21
    Checking zerofrom v0.1.8
    Checking icu_properties_data v2.2.0
    Checking icu_normalizer_data v2.2.0
    Checking untrusted v0.9.0
    Checking memchr v2.8.1
    Checking smallvec v1.15.1
    Checking thiserror v2.0.18
    Checking num-traits v0.2.19
    Checking percent-encoding v2.3.2
    Checking yoke v0.8.3
    Checking subtle v2.6.1
    Checking rustls-pki-types v1.14.1
    Checking log v0.4.32
    Checking iana-time-zone v0.1.65
    Checking bytes v1.12.1
    Checking httparse v1.10.1
    Checking data-encoding v2.11.0
    Checking utf-8 v0.7.6
    Checking base64 v0.22.1
    Checking equivalent v1.0.2
    Checking form_urlencoded v1.2.2
    Checking hashbrown v0.17.1
    Checking tracing-core v0.1.36
    Checking fastrand v2.4.1
    Checking zerovec v0.11.6
    Checking zerotrie v0.2.4
    Checking pin-project-lite v0.2.17
    Checking nu-ansi-term v0.50.3
    Checking unsafe-libyaml v0.2.11
    Checking ryu v1.0.23
    Checking getrandom v0.3.4
    Checking getrandom v0.2.17
    Checking cpufeatures v0.2.17
    Checking security-framework-sys v2.17.0
    Checking core-foundation v0.10.1
    Checking webpki-roots v1.0.7
    Checking ring v0.17.14
    Checking errno v0.3.14
    Checking rand_core v0.9.5
    Checking getrandom v0.4.2
    Checking diffy v0.4.2
    Checking webpki-roots v0.26.11
    Checking rustix v1.1.4
    Checking generic-array v0.14.7
    Checking http v1.4.2
    Checking tracing v0.1.44
    Checking security-framework v3.7.0
    Checking tinystr v0.8.3
    Checking potential_utf v0.1.5
    Checking indexmap v2.14.0
    Checking icu_collections v2.2.0
    Checking icu_locale_core v2.2.0
    Checking block-buffer v0.10.4
    Checking crypto-common v0.1.7
    Checking digest v0.10.7
    Checking sha2 v0.10.9
    Checking sha1 v0.10.7
    Checking fs4 v1.1.0
    Checking tempfile v3.27.0
    Checking rustls-webpki v0.103.13
    Checking rustls-native-certs v0.8.4
    Checking icu_provider v2.2.0
    Checking serde v1.0.228
    Checking serde_json v1.0.150
    Checking icu_properties v2.2.0
    Checking icu_normalizer v2.2.0
    Checking rustls v0.23.40
    Checking chrono v0.4.45
    Checking serde_yaml v0.9.34+deprecated
    Checking idna_adapter v1.2.2
    Checking idna v1.1.0
    Checking url v2.5.8
    Checking ppv-lite86 v0.2.21
    Checking rand_chacha v0.9.0
    Checking rand v0.9.4
    Checking ulid v1.2.1
    Checking euler-event v0.1.3 (/private/tmp/euler-wt/stack-216/crates/euler-event)
    Checking euler-sdk v0.1.3 (/private/tmp/euler-wt/stack-216/crates/euler-sdk)
    Checking tungstenite v0.28.0
    Checking ureq v2.12.1
    Checking euler-provider v0.1.3 (/private/tmp/euler-wt/stack-216/crates/euler-provider)
    Checking euler-agents v0.1.3 (/private/tmp/euler-wt/stack-216/crates/euler-agents)
    Checking euler-core v0.1.3 (/private/tmp/euler-wt/stack-216/crates/euler-core)
    Finished `dev` profile [unoptimized + debuginfo] target(s) in 6.27s
