---
source: crates/euler-cli/src/ui/bottom_surface/tests.rs
expression: rendered
---
────────────────────────────────────────────────────────────────────────────────
Permissions · Current: custom · (1/5)
QUICK SETTINGS
→ ○ Read only                              allow local/session reads; deny write
  ○ Ask every time                         clear session approvals; ask before e
  ○ Full capability access                 allow every capability for this sessi
    Workspace sandbox (launch-controlled)  see /status for enforcement and reque
    Advanced capability settings ›         per-capability modes, matching rules,
↑↓ move · ⏎ select · esc cancel
