    Checking cfg-if v1.0.4
    Checking itoa v1.0.18
    Checking bitflags v2.13.0
    Checking core-foundation-sys v0.8.7
    Checking typenum v1.20.1
    Checking stable_deref_trait v1.2.1
    Checking memchr v2.8.1
    Checking libc v0.2.186
    Checking serde_core v1.0.228
    Checking zerocopy v0.8.52
    Checking zmij v1.0.21
    Checking once_cell v1.21.4
    Checking smallvec v1.15.1
    Checking log v0.4.32
   Compiling syn v2.0.117
    Checking litemap v0.8.2
    Checking zeroize v1.8.2
    Checking writeable v0.6.3
    Checking num-traits v0.2.19
    Checking utf8_iter v1.0.4
    Checking foldhash v0.2.0
    Checking equivalent v1.0.2
    Checking rustls-pki-types v1.14.1
    Checking allocator-api2 v0.2.21
    Checking icu_normalizer_data v2.2.0
    Checking icu_properties_data v2.2.0
    Checking untrusted v0.9.0
    Checking iana-time-zone v0.1.65
    Checking base64 v0.22.1
    Checking subtle v2.6.1
    Checking ryu v1.0.23
    Checking percent-encoding v2.3.2
    Checking bytes v1.12.1
    Checking fastrand v2.4.1
    Checking httparse v1.10.1
    Checking utf-8 v0.7.6
    Checking data-encoding v2.11.0
    Checking tracing-core v0.1.36
    Checking nu-ansi-term v0.50.3
    Checking form_urlencoded v1.2.2
    Checking unsafe-libyaml v0.2.11
    Checking pin-project-lite v0.2.17
   Compiling unicode-segmentation v1.13.3
    Checking webpki-roots v1.0.7
    Checking generic-array v0.14.7
    Checking hashbrown v0.17.1
    Checking either v1.16.0
    Checking hashbrown v0.16.1
    Checking castaway v0.2.4
    Checking unicode-width v0.2.0
    Checking webpki-roots v0.26.11
    Checking diffy v0.4.2
    Checking static_assertions v1.1.0
    Checking scopeguard v1.2.0
    Checking critical-section v1.2.0
    Checking tracing v0.1.44
    Checking http v1.4.2
    Checking getrandom v0.3.4
    Checking errno v0.3.14
    Checking cpufeatures v0.2.17
    Checking getrandom v0.2.17
    Checking security-framework-sys v2.17.0
    Checking core-foundation v0.10.1
    Checking getrandom v0.4.2
   Compiling convert_case v0.10.0
    Checking itertools v0.14.0
    Checking lock_api v0.4.14
    Checking rustix v1.1.4
    Checking rand_core v0.9.5
    Checking ring v0.17.14
    Checking signal-hook-registry v1.4.8
    Checking compact_str v0.9.1
    Checking crypto-common v0.1.7
    Checking block-buffer v0.10.4
    Checking mio v1.2.1
    Checking parking_lot_core v0.9.12
    Checking indexmap v2.14.0
    Checking security-framework v3.7.0
    Checking lru v0.18.0
    Checking line-clipping v0.3.7
    Checking lazy_static v1.5.0
    Checking signal-hook v0.3.18
    Checking anyhow v1.0.103
    Checking digest v0.10.7
    Checking parking_lot v0.12.5
    Checking sharded-slab v0.1.7
    Checking thread_local v1.1.9
   Compiling vte_generate_state_changes v0.1.2
    Checking sha2 v0.10.9
    Checking sha1 v0.10.7
    Checking unicase v2.9.0
    Checking arrayvec v0.7.6
    Checking utf8parse v0.2.2
    Checking signal-hook-mio v0.2.5
    Checking nix v0.28.0
    Checking serial2 v0.2.37
    Checking console v0.16.3
    Checking shell-words v1.1.1
    Checking downcast-rs v1.2.1
    Checking pulldown-cmark v0.13.4
    Checking unicode-ident v1.0.24
    Checking similar v2.7.0
    Checking unicode-width v0.1.14
    Checking vte v0.11.1
    Checking proc-macro2 v1.0.106
    Checking serde_json v1.0.150
    Checking tracing-subscriber v0.3.23
    Checking rustls-native-certs v0.8.4
    Checking rustls-webpki v0.103.13
    Checking tempfile v3.27.0
    Checking fs4 v1.1.0
    Checking unicode-truncate v2.0.1
    Checking insta v1.48.0
    Checking rustls v0.23.40
    Checking vt100 v0.15.2
    Checking ppv-lite86 v0.2.21
   Compiling synstructure v0.13.2
   Compiling darling_core v0.23.0
    Checking rand_chacha v0.9.0
    Checking rand v0.9.4
   Compiling thiserror-impl v2.0.18
   Compiling serde_derive v1.0.228
   Compiling zerovec-derive v0.11.3
   Compiling displaydoc v0.2.6
   Compiling strum_macros v0.28.0
   Compiling derive_more-impl v2.1.1
   Compiling thiserror-impl v1.0.69
   Compiling zerofrom-derive v0.1.7
   Compiling yoke-derive v0.8.2
    Checking ulid v1.2.1
    Checking derive_more v2.1.1
    Checking zerofrom v0.1.8
    Checking thiserror v1.0.69
    Checking thiserror v2.0.18
   Compiling darling_macro v0.23.0
    Checking strum v0.28.0
    Checking crossterm v0.29.0
   Compiling darling v0.23.0
    Checking yoke v0.8.3
    Checking serde v1.0.228
    Checking filedescriptor v0.8.3
    Checking portable-pty v0.9.0
    Checking tungstenite v0.28.0
    Checking kasuari v0.4.12
    Checking ratatui-core v0.1.2
   Compiling instability v0.3.12
    Checking ratatui-widgets v0.3.2
    Checking ratatui-crossterm v0.1.2
    Checking zerovec v0.11.6
    Checking zerotrie v0.2.4
    Checking chrono v0.4.45
    Checking serde_yaml v0.9.34+deprecated
    Checking ratatui v0.30.2
    Checking euler-event v0.1.3 (/Users/eli.bressert/code/euler/crates/euler-event)
    Checking euler-sdk v0.1.3 (/Users/eli.bressert/code/euler/crates/euler-sdk)
    Checking tinystr v0.8.3
    Checking potential_utf v0.1.5
    Checking icu_collections v2.2.0
    Checking icu_locale_core v2.2.0
    Checking euler-agents v0.1.3 (/Users/eli.bressert/code/euler/crates/euler-agents)
    Checking euler-managed-process v0.1.3 (/Users/eli.bressert/code/euler/crates/euler-managed-process)
    Checking icu_provider v2.2.0
    Checking icu_properties v2.2.0
    Checking icu_normalizer v2.2.0
    Checking idna_adapter v1.2.2
    Checking idna v1.1.0
    Checking url v2.5.8
    Checking ureq v2.12.1
    Checking euler-provider v0.1.3 (/Users/eli.bressert/code/euler/crates/euler-provider)
    Checking euler-core v0.1.3 (/Users/eli.bressert/code/euler/crates/euler-core)
    Checking euler-cli v0.1.3 (/Users/eli.bressert/code/euler/crates/euler-cli)
    Finished `dev` profile [unoptimized + debuginfo] target(s) in 13.31s
